{
  "EGDJGK": {
    "name": "JUNGKOOK",
    "rarity": "E"
  },
  "BGDJGK": {
    "name": "JUNGKOOK",
    "rarity": "B"
  },
  "CGDJGK": {
    "name": "JUNGKOOK",
    "rarity": "C"
  },
  "DGDJGK": {
    "name": "JUNGKOOK",
    "rarity": "D"
  },
  "AGDJGK": {
    "name": "JUNGKOOK",
    "rarity": "A"
  }
}